Connected to Google successfully!
Connected to Google successfully!
Connected to Google successfully!
